// Jest Snapshot v1, https://goo.gl/fbAQLP

exports[`Mapper simple 1`] = `
Object {
  "mutation": undefined,
  "query": Object {
    "fields": Array [
      "node",
      "viewer",
    ],
  },
}
`;
